---
source: tests/parse_standard.rs
assertion_line: 8
expression: ast
---
Standard:
  selections:
    - Field: span_name
    - Field: duration
  data_source: Logs
  scope: ~
  conditions: ~
  facet: ~
  time_range: ~
  time_basis: ~
  order_by: ~
  limit: ~
  offset: ~
  output_format: ~
  baseline: ~
  timeseries: ~
  enrichments: []
  during: ~
