---
source: tests/parse_standard.rs
assertion_line: 79
expression: ast
---
Standard:
  selections:
    - Star
  data_source: Logs
  scope: ~
  conditions:
    Comparison:
      left:
        FieldAccess:
          base: fields
          key: my_value
      op: Gt
      right:
        Literal:
          Integer: 42
  facet: ~
  time_range: ~
  time_basis: ~
  order_by: ~
  limit: ~
  offset: ~
  output_format: ~
  baseline: ~
  timeseries: ~
  enrichments: []
  during: ~
