---
source: tests/parse_compound.rs
expression: ast
---
Compound:
  clause:
    PathDeviation:
      target:
        Robot: robot_42
      plan_index: ~
  scope: ~
  time_range:
    Since:
      Relative:
        amount: 1
        unit: days
  time_basis: ~
  conditions: ~
  facet: ~
  order_by: ~
  limit: ~
  offset: ~
  output_format: ~
  baseline: ~
