---
source: tests/parse_standard.rs
assertion_line: 55
expression: ast
---
Standard:
  selections:
    - Star
  data_source: Logs
  scope: ~
  conditions: ~
  facet: ~
  time_range:
    Between:
      start:
        Absolute: "2026-03-18T14:00:00Z"
      end:
        Absolute: "2026-03-18T15:00:00Z"
  time_basis: ~
  order_by: ~
  limit: ~
  offset: ~
  output_format: ~
  baseline: ~
  timeseries: ~
  enrichments: []
  during: ~
