---
source: tests/parse_standard.rs
assertion_line: 43
expression: ast
---
Standard:
  selections:
    - Star
  data_source: Logs
  scope:
    robot:
      Single: robot_42
    version: ~
    environment: ~
    session: ~
  conditions: ~
  facet: ~
  time_range:
    Since:
      Relative:
        amount: 1
        unit: hour
  time_basis: ~
  order_by: ~
  limit: ~
  offset: ~
  output_format: ~
  baseline: ~
  timeseries: ~
  enrichments: []
  during: ~
