---
source: tests/parse_standard.rs
expression: ast
---
Standard:
  selections:
    - Star
  data_source:
    TopicAlias: Odom
  scope: ~
  conditions: ~
  facet: ~
  time_range:
    Since:
      Relative:
        amount: 10
        unit: minutes
  time_basis: ~
  order_by: ~
  limit: ~
  offset: ~
  output_format: ~
  baseline: ~
  timeseries: ~
  enrichments: []
