---
source: tests/parse_standard.rs
expression: ast
---
Standard:
  selections:
    - Star
  data_source: Logs
  robot_scope:
    Single: robot_42
  conditions: ~
  facet: ~
  time_range:
    Since:
      Relative:
        amount: 1
        unit: hour
  time_basis: ~
  order_by: ~
  limit: ~
  offset: ~
  output_format: ~
  baseline: ~
