---
source: tests/parse_standard.rs
expression: ast
---
Standard:
  selections:
    - Aggregation:
        function: Percentile
        args:
          - Field: duration
          - Literal:
              Integer: 95
  data_source: Logs
  scope: ~
  conditions: ~
  facet: ~
  time_range: ~
  time_basis: ~
  order_by: ~
  limit: ~
  offset: ~
  output_format: ~
  baseline: ~
